// Jest Snapshot v1, https://goo.gl/fbAQLP

exports[`it renders the note given by the prop 1`] = `
<path
  d="M111.733 159.946C106.37 159.946,103 162.164,103 164.916C103 167.64,105.303 170.054,111.34 170.054C117.967 170.054,120.073 167.752,120.073 164.916C120.073 162.052,115.496 159.946,111.733 159.946M107.493 162.445C107.942 161.041,109.43 160.844,110.694 160.844C113.474 160.844,115.692 163.821,115.692 166.264C115.692 167.499,115.159 168.65,113.839 168.959C113.446 169.072,112.996 169.128,112.575 169.128C111.115 169.128,109.627 168.145,108.784 167.022C107.97 166.095,107.38 164.719,107.38 163.428C107.38 163.091,107.409 162.782,107.493 162.445"
  stroke="none"
/>
`;

exports[`it renders the note given by the prop 2`] = `
<path
  d="M111.733 159.946C106.37 159.946,103 162.164,103 164.916C103 167.64,105.303 170.054,111.34 170.054C117.967 170.054,120.073 167.752,120.073 164.916C120.073 162.052,115.496 159.946,111.733 159.946M107.493 162.445C107.942 161.041,109.43 160.844,110.694 160.844C113.474 160.844,115.692 163.821,115.692 166.264C115.692 167.499,115.159 168.65,113.839 168.959C113.446 169.072,112.996 169.128,112.575 169.128C111.115 169.128,109.627 168.145,108.784 167.022C107.97 166.095,107.38 164.719,107.38 163.428C107.38 163.091,107.409 162.782,107.493 162.445"
  stroke="none"
/>
`;
